--------------------------------------------------------------------------------------
Timing Analyzer Summary
--------------------------------------------------------------------------------------

Type           : Worst-case tsu
Slack          : N/A
Required Time  : None
Actual Time    : 3.889 ns
From           : reset
To             : tempo_data:tempo_data0|contador:Selecao|aux[3]
From Clock     : --
To Clock       : clk
Failed Paths   : 0

Type           : Worst-case tco
Slack          : N/A
Required Time  : None
Actual Time    : 17.620 ns
From           : tempo_data:tempo_data0|contador:Selecao|anos3[1]
To             : s3[6]
From Clock     : clk
To Clock       : --
Failed Paths   : 0

Type           : Worst-case tpd
Slack          : N/A
Required Time  : None
Actual Time    : 12.863 ns
From           : sel[0]
To             : s3[6]
From Clock     : --
To Clock       : --
Failed Paths   : 0

Type           : Worst-case th
Slack          : N/A
Required Time  : None
Actual Time    : 3.202 ns
From           : sel[1]
To             : tempo_data:tempo_data0|contador:Selecao|aux_dias[4]
From Clock     : --
To Clock       : clk
Failed Paths   : 0

Type           : Clock Setup: 'clk'
Slack          : N/A
Required Time  : None
Actual Time    : 185.67 MHz ( period = 5.386 ns )
From           : tempo_data:tempo_data0|contador:Selecao|aux_dias[4]
To             : tempo_data:tempo_data0|contador:Selecao|anos2[0]
From Clock     : clk
To Clock       : clk
Failed Paths   : 0

Type           : Total number of failed paths
Slack          : 
Required Time  : 
Actual Time    : 
From           : 
To             : 
From Clock     : 
To Clock       : 
Failed Paths   : 0

--------------------------------------------------------------------------------------

